// Jest Snapshot v1, https://goo.gl/fbAQLP

exports[`Search renders learn react link 1`] = `[Function]`;
