// Jest Snapshot v1, https://goo.gl/fbAQLP

exports[`Search Result renders search result 1`] = `[Function]`;
